local stuff = { one }

↓↓↓↓↓↓↓↓↓↓↓↓↓↓↓↓↓↓↓↓↓↓↓↓↓↓↓↓↓↓↓↓↓↓↓↓ OUTPUT ↓↓↓↓↓↓↓↓↓↓↓↓↓↓↓↓↓↓↓↓↓↓↓↓↓↓↓↓↓↓↓↓↓↓↓↓

Block(
    [
        Node {
            comments: [],
            node: LocalDeclaration {
                namelist: [
                    Name(
                        "stuff",
                    ),
                ],
                explist: [
                    Node {
                        comments: [],
                        node: Table(
                            [
                                Node {
                                    comments: [],
                                    node: Field {
                                        index: Some(
                                            1,
                                        ),
                                        lexp: Node {
                                            comments: [],
                                            node: Nil,
                                            location: Location {
                                                line_start: 0,
                                                line_end: 0,
                                                column_start: 0,
                                                column_end: 0,
                                            },
                                        },
                                        rexp: Node {
                                            comments: [],
                                            node: NamedVar(
                                                "one",
                                            ),
                                            location: Location {
                                                line_start: 1,
                                                line_end: 1,
                                                column_start: 17,
                                                column_end: 20,
                                            },
                                        },
                                    },
                                    location: Location {
                                        line_start: 1,
                                        line_end: 1,
                                        column_start: 17,
                                        column_end: 20,
                                    },
                                },
                            ],
                        ),
                        location: Location {
                            line_start: 1,
                            line_end: 1,
                            column_start: 15,
                            column_end: 22,
                        },
                    },
                ],
            },
            location: Location {
                line_start: 1,
                line_end: 1,
                column_start: 1,
                column_end: 22,
            },
        },
    ],
)
