b:c 'single'
e:f "double"
h:i [[long]]

↓↓↓↓↓↓↓↓↓↓↓↓↓↓↓↓↓↓↓↓↓↓↓↓↓↓↓↓↓↓↓↓↓↓↓↓ OUTPUT ↓↓↓↓↓↓↓↓↓↓↓↓↓↓↓↓↓↓↓↓↓↓↓↓↓↓↓↓↓↓↓↓↓↓↓↓

Block(
    [
        Node {
            comments: [],
            node: MethodCallStatement {
                pexp: Node {
                    comments: [],
                    node: NamedVar(
                        "b",
                    ),
                    location: Location {
                        line_start: 1,
                        line_end: 1,
                        column_start: 1,
                        column_end: 2,
                    },
                },
                name: "c",
                args: [
                    Node {
                        comments: [],
                        node: CookedStr(
                            "single",
                        ),
                        location: Location {
                            line_start: 1,
                            line_end: 1,
                            column_start: 5,
                            column_end: 13,
                        },
                    },
                ],
            },
            location: Location {
                line_start: 1,
                line_end: 1,
                column_start: 1,
                column_end: 13,
            },
        },
        Node {
            comments: [],
            node: MethodCallStatement {
                pexp: Node {
                    comments: [],
                    node: NamedVar(
                        "e",
                    ),
                    location: Location {
                        line_start: 2,
                        line_end: 2,
                        column_start: 1,
                        column_end: 2,
                    },
                },
                name: "f",
                args: [
                    Node {
                        comments: [],
                        node: CookedStr(
                            "double",
                        ),
                        location: Location {
                            line_start: 2,
                            line_end: 2,
                            column_start: 5,
                            column_end: 13,
                        },
                    },
                ],
            },
            location: Location {
                line_start: 2,
                line_end: 2,
                column_start: 1,
                column_end: 13,
            },
        },
        Node {
            comments: [],
            node: MethodCallStatement {
                pexp: Node {
                    comments: [],
                    node: NamedVar(
                        "h",
                    ),
                    location: Location {
                        line_start: 3,
                        line_end: 3,
                        column_start: 1,
                        column_end: 2,
                    },
                },
                name: "i",
                args: [
                    Node {
                        comments: [],
                        node: RawStr(
                            "long",
                        ),
                        location: Location {
                            line_start: 3,
                            line_end: 3,
                            column_start: 5,
                            column_end: 13,
                        },
                    },
                ],
            },
            location: Location {
                line_start: 3,
                line_end: 3,
                column_start: 1,
                column_end: 13,
            },
        },
    ],
)
