bar:baz()

↓↓↓↓↓↓↓↓↓↓↓↓↓↓↓↓↓↓↓↓↓↓↓↓↓↓↓↓↓↓↓↓↓↓↓↓ OUTPUT ↓↓↓↓↓↓↓↓↓↓↓↓↓↓↓↓↓↓↓↓↓↓↓↓↓↓↓↓↓↓↓↓↓↓↓↓

Ok(
    Block(
        [
            MethodCallStatement {
                pexp: NamedVar(
                    "bar",
                ),
                name: "baz",
                args: [],
            },
        ],
    ),
)
