bar:baz("hello", "world")

↓↓↓↓↓↓↓↓↓↓↓↓↓↓↓↓↓↓↓↓↓↓↓↓↓↓↓↓↓↓↓↓↓↓↓↓ OUTPUT ↓↓↓↓↓↓↓↓↓↓↓↓↓↓↓↓↓↓↓↓↓↓↓↓↓↓↓↓↓↓↓↓↓↓↓↓

Block(
    [
        Node {
            comments: [],
            node: MethodCallStatement {
                pexp: NamedVar(
                    "bar",
                ),
                name: "baz",
                args: [
                    CookedStr(
                        "hello",
                    ),
                    CookedStr(
                        "world",
                    ),
                ],
            },
        },
    ],
)
