bar:baz("hello", "world")

↓↓↓↓↓↓↓↓↓↓↓↓↓↓↓↓↓↓↓↓↓↓↓↓↓↓↓↓↓↓↓↓↓↓↓↓ OUTPUT ↓↓↓↓↓↓↓↓↓↓↓↓↓↓↓↓↓↓↓↓↓↓↓↓↓↓↓↓↓↓↓↓↓↓↓↓

Ok(
    Block(
        [
            MethodCallStatement {
                pexp: NamedVar(
                    "bar",
                ),
                name: "baz",
                args: [
                    CookedStr(
                        "hello",
                    ),
                    CookedStr(
                        "world",
                    ),
                ],
            },
        ],
    ),
)
