bar:baz("hello", "world")

↓↓↓↓↓↓↓↓↓↓↓↓↓↓↓↓↓↓↓↓↓↓↓↓↓↓↓↓↓↓↓↓↓↓↓↓ OUTPUT ↓↓↓↓↓↓↓↓↓↓↓↓↓↓↓↓↓↓↓↓↓↓↓↓↓↓↓↓↓↓↓↓↓↓↓↓

Block(
    [
        MethodCallStatement {
            pexp: NamedVar(
                "bar",
            ),
            name: "baz",
            args: [
                CookedStr(
                    "hello",
                ),
                CookedStr(
                    "world",
                ),
            ],
        },
    ],
)
