bar:baz(nil)

↓↓↓↓↓↓↓↓↓↓↓↓↓↓↓↓↓↓↓↓↓↓↓↓↓↓↓↓↓↓↓↓↓↓↓↓ OUTPUT ↓↓↓↓↓↓↓↓↓↓↓↓↓↓↓↓↓↓↓↓↓↓↓↓↓↓↓↓↓↓↓↓↓↓↓↓

Ok(
    Chunk(
        Block(
            [
                MethodCallStatement {
                    pexp: NamedVar(
                        "bar",
                    ),
                    name: "baz",
                    args: [
                        Nil,
                    ],
                },
            ],
        ),
    ),
)
