bar:baz(nil)

↓↓↓↓↓↓↓↓↓↓↓↓↓↓↓↓↓↓↓↓↓↓↓↓↓↓↓↓↓↓↓↓↓↓↓↓ OUTPUT ↓↓↓↓↓↓↓↓↓↓↓↓↓↓↓↓↓↓↓↓↓↓↓↓↓↓↓↓↓↓↓↓↓↓↓↓

Block(
    [
        MethodCallStatement {
            pexp: NamedVar(
                "bar",
            ),
            name: "baz",
            args: [
                Nil,
            ],
        },
    ],
)
