-- TODO: get rid of all these local declarations.

local a = b:c 'single'
local d = e:f "double"
local g = h:i [[long]]

↓↓↓↓↓↓↓↓↓↓↓↓↓↓↓↓↓↓↓↓↓↓↓↓↓↓↓↓↓↓↓↓↓↓↓↓ OUTPUT ↓↓↓↓↓↓↓↓↓↓↓↓↓↓↓↓↓↓↓↓↓↓↓↓↓↓↓↓↓↓↓↓↓↓↓↓

Ok(
    Chunk(
        Block(
            [
                LocalDeclaration {
                    namelist: [
                        Name(
                            "a",
                        ),
                    ],
                    explist: [
                        MethodCall {
                            pexp: NamedVar(
                                "b",
                            ),
                            name: "c",
                            args: [
                                CookedStr(
                                    "single",
                                ),
                            ],
                        },
                    ],
                },
                LocalDeclaration {
                    namelist: [
                        Name(
                            "d",
                        ),
                    ],
                    explist: [
                        MethodCall {
                            pexp: NamedVar(
                                "e",
                            ),
                            name: "f",
                            args: [
                                CookedStr(
                                    "double",
                                ),
                            ],
                        },
                    ],
                },
                LocalDeclaration {
                    namelist: [
                        Name(
                            "g",
                        ),
                    ],
                    explist: [
                        MethodCall {
                            pexp: NamedVar(
                                "h",
                            ),
                            name: "i",
                            args: [
                                RawStr(
                                    "long",
                                ),
                            ],
                        },
                    ],
                },
            ],
        ),
    ),
)
