bar:baz { force = true }

↓↓↓↓↓↓↓↓↓↓↓↓↓↓↓↓↓↓↓↓↓↓↓↓↓↓↓↓↓↓↓↓↓↓↓↓ OUTPUT ↓↓↓↓↓↓↓↓↓↓↓↓↓↓↓↓↓↓↓↓↓↓↓↓↓↓↓↓↓↓↓↓↓↓↓↓

Block(
    [
        MethodCallStatement {
            pexp: NamedVar(
                "bar",
            ),
            name: "baz",
            args: [
                Table(
                    [
                        Field {
                            index: None,
                            lexp: RawStr(
                                "force",
                            ),
                            rexp: True,
                        },
                    ],
                ),
            ],
        },
    ],
)
