local item = (100)

↓↓↓↓↓↓↓↓↓↓↓↓↓↓↓↓↓↓↓↓↓↓↓↓↓↓↓↓↓↓↓↓↓↓↓↓ OUTPUT ↓↓↓↓↓↓↓↓↓↓↓↓↓↓↓↓↓↓↓↓↓↓↓↓↓↓↓↓↓↓↓↓↓↓↓↓

Ok(
    Block(
        [
            LocalDeclaration {
                namelist: [
                    Name(
                        "item",
                    ),
                ],
                explist: [
                    Number(
                        "100",
                    ),
                ],
            },
        ],
    ),
)
