local item = (100)

↓↓↓↓↓↓↓↓↓↓↓↓↓↓↓↓↓↓↓↓↓↓↓↓↓↓↓↓↓↓↓↓↓↓↓↓ OUTPUT ↓↓↓↓↓↓↓↓↓↓↓↓↓↓↓↓↓↓↓↓↓↓↓↓↓↓↓↓↓↓↓↓↓↓↓↓

Block(
    [
        LocalDeclaration {
            namelist: [
                Name(
                    "item",
                ),
            ],
            explist: [
                Number(
                    "100",
                ),
            ],
        },
    ],
)
