local x = not value

local y = #items

local z = -1000

↓↓↓↓↓↓↓↓↓↓↓↓↓↓↓↓↓↓↓↓↓↓↓↓↓↓↓↓↓↓↓↓↓↓↓↓ OUTPUT ↓↓↓↓↓↓↓↓↓↓↓↓↓↓↓↓↓↓↓↓↓↓↓↓↓↓↓↓↓↓↓↓↓↓↓↓

Block(
    [
        Node {
            comments: [],
            node: LocalDeclaration {
                namelist: [
                    Name(
                        "x",
                    ),
                ],
                explist: [
                    Unary {
                        exp: NamedVar(
                            "value",
                        ),
                        op: Not,
                    },
                ],
            },
        },
        Node {
            comments: [],
            node: LocalDeclaration {
                namelist: [
                    Name(
                        "y",
                    ),
                ],
                explist: [
                    Unary {
                        exp: NamedVar(
                            "items",
                        ),
                        op: Length,
                    },
                ],
            },
        },
        Node {
            comments: [],
            node: LocalDeclaration {
                namelist: [
                    Name(
                        "z",
                    ),
                ],
                explist: [
                    Unary {
                        exp: Number(
                            "1000",
                        ),
                        op: Minus,
                    },
                ],
            },
        },
    ],
)
