local x = not value

local y = #items

local z = -1000

↓↓↓↓↓↓↓↓↓↓↓↓↓↓↓↓↓↓↓↓↓↓↓↓↓↓↓↓↓↓↓↓↓↓↓↓ OUTPUT ↓↓↓↓↓↓↓↓↓↓↓↓↓↓↓↓↓↓↓↓↓↓↓↓↓↓↓↓↓↓↓↓↓↓↓↓

Block(
    [
        Node {
            comments: [],
            node: LocalDeclaration {
                namelist: [
                    Name(
                        "x",
                    ),
                ],
                explist: [
                    Node {
                        comments: [],
                        node: Unary {
                            exp: Node {
                                comments: [],
                                node: NamedVar(
                                    "value",
                                ),
                                location: Location {
                                    line_start: 1,
                                    line_end: 1,
                                    column_start: 15,
                                    column_end: 20,
                                },
                            },
                            op: Not,
                        },
                        location: Location {
                            line_start: 1,
                            line_end: 1,
                            column_start: 11,
                            column_end: 20,
                        },
                    },
                ],
            },
            location: Location {
                line_start: 1,
                line_end: 1,
                column_start: 1,
                column_end: 20,
            },
        },
        Node {
            comments: [],
            node: LocalDeclaration {
                namelist: [
                    Name(
                        "y",
                    ),
                ],
                explist: [
                    Node {
                        comments: [],
                        node: Unary {
                            exp: Node {
                                comments: [],
                                node: NamedVar(
                                    "items",
                                ),
                                location: Location {
                                    line_start: 3,
                                    line_end: 3,
                                    column_start: 12,
                                    column_end: 17,
                                },
                            },
                            op: Length,
                        },
                        location: Location {
                            line_start: 3,
                            line_end: 3,
                            column_start: 11,
                            column_end: 17,
                        },
                    },
                ],
            },
            location: Location {
                line_start: 3,
                line_end: 3,
                column_start: 1,
                column_end: 17,
            },
        },
        Node {
            comments: [],
            node: LocalDeclaration {
                namelist: [
                    Name(
                        "z",
                    ),
                ],
                explist: [
                    Node {
                        comments: [],
                        node: Unary {
                            exp: Node {
                                comments: [],
                                node: Number(
                                    "1000",
                                ),
                                location: Location {
                                    line_start: 5,
                                    line_end: 5,
                                    column_start: 12,
                                    column_end: 16,
                                },
                            },
                            op: Minus,
                        },
                        location: Location {
                            line_start: 5,
                            line_end: 5,
                            column_start: 11,
                            column_end: 16,
                        },
                    },
                ],
            },
            location: Location {
                line_start: 5,
                line_end: 5,
                column_start: 1,
                column_end: 16,
            },
        },
    ],
)
