OPTIONS


                                                              *g:FerretDispatch*
|g:FerretDispatch|                                          boolean (default: 1)

Controls whether to use vim-dispatch (and specifically, |:Make|) to run |:Ack|
searches asynchronously, when available. To prevent vim-dispatch from being
used, set to 0:
>
    let g:FerretDispatch=0
<

                                                              *g:FerretHlsearch*
|g:FerretHlsearch|                                       boolean (default: none)

Controls whether Ferret should attempt to highlight the search pattern when
running |:Ack| or |:Lack|. If left unset, Ferret will respect the current
'hlsearch' setting. To force highlighting on or off irrespective of
'hlsearch', set |g:FerretHlsearch| to 1 (on) or 0 (off):
>
    let g:FerretHlsearch=0
<
