                                                                      *g:Foo*
|g:Foo|                                              string (default: "foo")

Controls the foo factor.

                                                                     *g:Temp*
|g:Temp|                                                number (default: 10)

Temperature control.

                                                                      *g:Bar*
|g:Bar|                                               string (default: none)

No default on this one.
