repeat
  inc(x)
until x < 100

↓↓↓↓↓↓↓↓↓↓↓↓↓↓↓↓↓↓↓↓↓↓↓↓↓↓↓↓↓↓↓↓↓↓↓↓ OUTPUT ↓↓↓↓↓↓↓↓↓↓↓↓↓↓↓↓↓↓↓↓↓↓↓↓↓↓↓↓↓↓↓↓↓↓↓↓

Block(
    [
        Node {
            comments: [],
            node: Repeat {
                block: Block(
                    [
                        Node {
                            comments: [],
                            node: FunctionCallStatement {
                                pexp: Node {
                                    comments: [],
                                    node: NamedVar(
                                        "inc",
                                    ),
                                    location: Location {
                                        line_start: 2,
                                        line_end: 2,
                                        column_start: 3,
                                        column_end: 6,
                                    },
                                },
                                args: [
                                    Node {
                                        comments: [],
                                        node: NamedVar(
                                            "x",
                                        ),
                                        location: Location {
                                            line_start: 2,
                                            line_end: 2,
                                            column_start: 7,
                                            column_end: 8,
                                        },
                                    },
                                ],
                            },
                            location: Location {
                                line_start: 2,
                                line_end: 2,
                                column_start: 3,
                                column_end: 9,
                            },
                        },
                    ],
                ),
                cexp: Node {
                    comments: [],
                    node: Binary {
                        lexp: Node {
                            comments: [],
                            node: NamedVar(
                                "x",
                            ),
                            location: Location {
                                line_start: 3,
                                line_end: 3,
                                column_start: 7,
                                column_end: 8,
                            },
                        },
                        op: Lt,
                        rexp: Node {
                            comments: [],
                            node: Number(
                                "100",
                            ),
                            location: Location {
                                line_start: 3,
                                line_end: 3,
                                column_start: 11,
                                column_end: 14,
                            },
                        },
                    },
                    location: Location {
                        line_start: 3,
                        line_end: 3,
                        column_start: 7,
                        column_end: 14,
                    },
                },
            },
            location: Location {
                line_start: 1,
                line_end: 3,
                column_start: 1,
                column_end: 14,
            },
        },
    ],
)
