Project
  [ Project
      [ Unit
          [ DocBlock
              [ Paragraph
                  [ Plaintext "We"
                  , Whitespace
                  , Plaintext "can"
                  , Whitespace
                  , Plaintext "use"
                  , Whitespace
                  , Code "backticks"
                  , Whitespace
                  , Plaintext "as"
                  , Whitespace
                  , Plaintext "well."
                  ]
              , Paragraph
                  [ Plaintext "Just"
                  , Whitespace
                  , Plaintext "remember"
                  , Whitespace
                  , Plaintext "to"
                  , Whitespace
                  , Code "git commit"
                  , Whitespace
                  , Plaintext "at"
                  , Whitespace
                  , Plaintext "the"
                  , Whitespace
                  , Plaintext "end"
                  , Whitespace
                  , Plaintext "of"
                  , Whitespace
                  , Plaintext "it."
                  ]
              , Paragraph [ Code "backticks in first column work too" ]
              ]
          ]
      ]
  ]
