Unit
  [ DocBlock
      [ Blockquote
          [ Paragraph
              [ Plaintext "Here"
              , Whitespace
              , Plaintext "is"
              , Whitespace
              , Plaintext "a"
              , Whitespace
              , Plaintext "single-line"
              , Whitespace
              , Plaintext "blockquote"
              , Whitespace
              , Plaintext "with"
              , Whitespace
              , Plaintext "trailing"
              , Whitespace
              , Plaintext "space..."
              ]
          ]
      , Blockquote
          [ Paragraph
              [ Plaintext "And"
              , Whitespace
              , Plaintext "here"
              , Whitespace
              , Plaintext "is"
              , Whitespace
              , Plaintext "a"
              , Whitespace
              , Plaintext "multline"
              , Whitespace
              , Plaintext "one."
              ]
          ]
      , Blockquote
          [ Paragraph
              [ Plaintext "And"
              , Whitespace
              , Plaintext "this"
              , Whitespace
              , Plaintext "is"
              , Whitespace
              , Plaintext "one"
              , Whitespace
              , Plaintext "with"
              , Whitespace
              , Plaintext "a"
              , Whitespace
              , Plaintext "blank"
              , Whitespace
              , Plaintext "line"
              , Whitespace
              , Plaintext "in"
              , Whitespace
              , Plaintext "the"
              , Whitespace
              , Plaintext "middle."
              ]
          ]
      , Blockquote
          [ Paragraph
              [ Plaintext "Look"
              , BreakTag
              , Plaintext "Line"
              , Whitespace
              , Plaintext "breaks"
              , Whitespace
              , Plaintext "work"
              , Whitespace
              , Plaintext "too."
              ]
          ]
      ]
  ]
