Unit
  [ DocBlock
      [ Paragraph [ Plaintext "This." , BreakTag , Plaintext "That." ]
      , Paragraph [ Plaintext "This." , BreakTag , Plaintext "That." ]
      , Paragraph [ Plaintext "This." , BreakTag , Plaintext "That." ]
      , Paragraph [ Plaintext "This." , BreakTag , Plaintext "That." ]
      ]
  ]
