Project
  [ Project
      [ Unit
          [ DocBlock
              [ Paragraph
                  [ Plaintext "General" , Whitespace , Plaintext "stuff." ]
              ]
          ]
      ]
  , FunctionsAnnotation
  , Paragraph
      [ Plaintext "Here"
      , Whitespace
      , Plaintext "is"
      , Whitespace
      , Plaintext "some"
      , Whitespace
      , Plaintext "general"
      , Whitespace
      , Plaintext "commentary"
      , Whitespace
      , Plaintext "about"
      , Whitespace
      , Plaintext "the"
      , Whitespace
      , Plaintext "functions"
      , Whitespace
      , Plaintext "provided"
      , Whitespace
      , Plaintext "by"
      , Whitespace
      , Plaintext "the"
      , Whitespace
      , Plaintext "plug-in."
      ]
  , FooterAnnotation
  , Paragraph
      [ Plaintext "Some"
      , Whitespace
      , Plaintext "other"
      , Whitespace
      , Plaintext "stuff."
      ]
  ]
