Unit
  [ FunctionDeclaration
      { functionBang = False
      , functionName = "Function1"
      , functionArguments = ArgumentList []
      , functionAttributes = [ "abort" ]
      , functionBody = []
      }
  , FunctionDeclaration
      { functionBang = False
      , functionName = "Function2"
      , functionArguments = ArgumentList []
      , functionAttributes = [ "range" ]
      , functionBody = []
      }
  , FunctionDeclaration
      { functionBang = False
      , functionName = "Function3"
      , functionArguments = ArgumentList []
      , functionAttributes = [ "dict" ]
      , functionBody = []
      }
  , FunctionDeclaration
      { functionBang = False
      , functionName = "Function4"
      , functionArguments = ArgumentList []
      , functionAttributes = [ "abort" , "range" , "dict" ]
      , functionBody = []
      }
  , FunctionDeclaration
      { functionBang = False
      , functionName = "Function5"
      , functionArguments = ArgumentList []
      , functionAttributes = [ "abort" , "range" , "abort" , "abort" ]
      , functionBody = []
      }
  ]
