Unit
  [ DocBlock
      [ Paragraph
          [ Plaintext "We"
          , Whitespace
          , Plaintext "want"
          , Whitespace
          , Plaintext "to"
          , Whitespace
          , Plaintext "make"
          , Whitespace
          , Plaintext "sure"
          , Whitespace
          , Plaintext "that"
          , Whitespace
          , Plaintext "stuff"
          , Whitespace
          , Plaintext "immediately"
          , Whitespace
          , Plaintext "following"
          , Whitespace
          , Plaintext "phrasing"
          , Whitespace
          , Plaintext "content."
          ]
      , HeadingAnnotation "Gets recognized"
      , List [ ListItem [ Plaintext "Appropriately" ] ]
      , Fenced [ "code" ]
      , SubheadingAnnotation "Even if we don't expect"
      , Paragraph
          [ Code "this"
          , Whitespace
          , Plaintext "kind"
          , Whitespace
          , Plaintext "of"
          , Whitespace
          , Plaintext "thing"
          , Whitespace
          , Plaintext "to"
          , Whitespace
          , Plaintext "happen"
          , Whitespace
          , Plaintext "very"
          , Whitespace
          , Plaintext "often."
          ]
      , IndentAnnotation
      , Paragraph
          [ Plaintext "indented" , Whitespace , Plaintext "content" ]
      , DedentAnnotation
      , Separator
      , Blockquote
          [ Paragraph
              [ Plaintext "end"
              , Whitespace
              , Plaintext "of"
              , Whitespace
              , Plaintext "special"
              , Whitespace
              , Plaintext "stuff"
              ]
          ]
      , Paragraph
          [ Plaintext "back"
          , Whitespace
          , Plaintext "to"
          , Whitespace
          , Plaintext "normal"
          , Whitespace
          , Plaintext "phrasing"
          , Whitespace
          , Plaintext "content"
          , Whitespace
          , Plaintext "again."
          ]
      ]
  ]
