do
  local item = foo.bar
end

↓↓↓↓↓↓↓↓↓↓↓↓↓↓↓↓↓↓↓↓↓↓↓↓↓↓↓↓↓↓↓↓↓↓↓↓ OUTPUT ↓↓↓↓↓↓↓↓↓↓↓↓↓↓↓↓↓↓↓↓↓↓↓↓↓↓↓↓↓↓↓↓↓↓↓↓

Block(
    [
        Node {
            comments: [],
            node: DoBlock(
                Block(
                    [
                        Node {
                            comments: [],
                            node: LocalDeclaration {
                                namelist: [
                                    Name(
                                        "item",
                                    ),
                                ],
                                explist: [
                                    Index {
                                        pexp: NamedVar(
                                            "foo",
                                        ),
                                        kexp: RawStr(
                                            "bar",
                                        ),
                                    },
                                ],
                            },
                        },
                    ],
                ),
            ),
        },
    ],
)
