do
  local item = foo.bar
end

↓↓↓↓↓↓↓↓↓↓↓↓↓↓↓↓↓↓↓↓↓↓↓↓↓↓↓↓↓↓↓↓↓↓↓↓ OUTPUT ↓↓↓↓↓↓↓↓↓↓↓↓↓↓↓↓↓↓↓↓↓↓↓↓↓↓↓↓↓↓↓↓↓↓↓↓

Block(
    [
        DoBlock(
            Block(
                [
                    LocalDeclaration {
                        namelist: [
                            Name(
                                "item",
                            ),
                        ],
                        explist: [
                            Index {
                                pexp: NamedVar(
                                    "foo",
                                ),
                                kexp: RawStr(
                                    "bar",
                                ),
                            },
                        ],
                    },
                ],
            ),
        ),
    ],
)
