do
  local foo = 'foo'
  local bar = 'bar'
end

↓↓↓↓↓↓↓↓↓↓↓↓↓↓↓↓↓↓↓↓↓↓↓↓↓↓↓↓↓↓↓↓↓↓↓↓ OUTPUT ↓↓↓↓↓↓↓↓↓↓↓↓↓↓↓↓↓↓↓↓↓↓↓↓↓↓↓↓↓↓↓↓↓↓↓↓

Ok(
    Block(
        [
            DoBlock(
                Block(
                    [
                        LocalDeclaration {
                            namelist: [
                                Name(
                                    "foo",
                                ),
                            ],
                            explist: [
                                CookedStr(
                                    "foo",
                                ),
                            ],
                        },
                        LocalDeclaration {
                            namelist: [
                                Name(
                                    "bar",
                                ),
                            ],
                            explist: [
                                CookedStr(
                                    "bar",
                                ),
                            ],
                        },
                    ],
                ),
            ),
        ],
    ),
)
