do
  do
    local one = 1
  end
end

↓↓↓↓↓↓↓↓↓↓↓↓↓↓↓↓↓↓↓↓↓↓↓↓↓↓↓↓↓↓↓↓↓↓↓↓ OUTPUT ↓↓↓↓↓↓↓↓↓↓↓↓↓↓↓↓↓↓↓↓↓↓↓↓↓↓↓↓↓↓↓↓↓↓↓↓

Block(
    [
        DoBlock(
            Block(
                [
                    DoBlock(
                        Block(
                            [
                                LocalDeclaration {
                                    namelist: [
                                        Name(
                                            "one",
                                        ),
                                    ],
                                    explist: [
                                        Number(
                                            "1",
                                        ),
                                    ],
                                },
                            ],
                        ),
                    ),
                ],
            ),
        ),
    ],
)
