local x = function()
  foo()
end

↓↓↓↓↓↓↓↓↓↓↓↓↓↓↓↓↓↓↓↓↓↓↓↓↓↓↓↓↓↓↓↓↓↓↓↓ OUTPUT ↓↓↓↓↓↓↓↓↓↓↓↓↓↓↓↓↓↓↓↓↓↓↓↓↓↓↓↓↓↓↓↓↓↓↓↓

Block(
    [
        LocalDeclaration {
            namelist: [
                Name(
                    "x",
                ),
            ],
            explist: [
                Function {
                    parlist: [],
                    varargs: false,
                    block: Block(
                        [
                            FunctionCallStatement {
                                pexp: NamedVar(
                                    "foo",
                                ),
                                args: [],
                            },
                        ],
                    ),
                },
            ],
        },
    ],
)
