local x = function()
  foo()
end

↓↓↓↓↓↓↓↓↓↓↓↓↓↓↓↓↓↓↓↓↓↓↓↓↓↓↓↓↓↓↓↓↓↓↓↓ OUTPUT ↓↓↓↓↓↓↓↓↓↓↓↓↓↓↓↓↓↓↓↓↓↓↓↓↓↓↓↓↓↓↓↓↓↓↓↓

Block(
    [
        Node {
            comments: [],
            node: LocalDeclaration {
                namelist: [
                    Name(
                        "x",
                    ),
                ],
                explist: [
                    Node {
                        comments: [],
                        node: Function {
                            parlist: [],
                            varargs: false,
                            block: Block(
                                [
                                    Node {
                                        comments: [],
                                        node: FunctionCallStatement {
                                            pexp: Node {
                                                comments: [],
                                                node: NamedVar(
                                                    "foo",
                                                ),
                                            },
                                            args: [],
                                        },
                                    },
                                ],
                            ),
                        },
                    },
                ],
            },
        },
    ],
)
