local callbacks = {
  function()
    setup()
  end,
  function()
    notify()
  end,
  function()
    cleanup()
  end,
}

↓↓↓↓↓↓↓↓↓↓↓↓↓↓↓↓↓↓↓↓↓↓↓↓↓↓↓↓↓↓↓↓↓↓↓↓ OUTPUT ↓↓↓↓↓↓↓↓↓↓↓↓↓↓↓↓↓↓↓↓↓↓↓↓↓↓↓↓↓↓↓↓↓↓↓↓

Block(
    [
        Node {
            comments: [],
            node: LocalDeclaration {
                namelist: [
                    Name(
                        "callbacks",
                    ),
                ],
                explist: [
                    Table(
                        [
                            Field {
                                index: Some(
                                    1,
                                ),
                                lexp: Nil,
                                rexp: Function {
                                    parlist: [],
                                    varargs: false,
                                    block: Block(
                                        [
                                            Node {
                                                comments: [],
                                                node: FunctionCallStatement {
                                                    pexp: NamedVar(
                                                        "setup",
                                                    ),
                                                    args: [],
                                                },
                                            },
                                        ],
                                    ),
                                },
                            },
                            Field {
                                index: Some(
                                    2,
                                ),
                                lexp: Nil,
                                rexp: Function {
                                    parlist: [],
                                    varargs: false,
                                    block: Block(
                                        [
                                            Node {
                                                comments: [],
                                                node: FunctionCallStatement {
                                                    pexp: NamedVar(
                                                        "notify",
                                                    ),
                                                    args: [],
                                                },
                                            },
                                        ],
                                    ),
                                },
                            },
                            Field {
                                index: Some(
                                    3,
                                ),
                                lexp: Nil,
                                rexp: Function {
                                    parlist: [],
                                    varargs: false,
                                    block: Block(
                                        [
                                            Node {
                                                comments: [],
                                                node: FunctionCallStatement {
                                                    pexp: NamedVar(
                                                        "cleanup",
                                                    ),
                                                    args: [],
                                                },
                                            },
                                        ],
                                    ),
                                },
                            },
                        ],
                    ),
                ],
            },
        },
    ],
)
