<p align="right"><a name="foobar" href="#user-content-foobar"><code>'foobar'</code></a> <a name="gthing" href="#user-content-gthing"><code>g:Thing</code></a></p>

See those links targets?

I'm going to link to <strong>[`g:Thing`](#user-content-gthing)</strong> and <strong>[`'foobar'`](#user-content-foobar)</strong> here.
