calculate(intermediate(inner()))

↓↓↓↓↓↓↓↓↓↓↓↓↓↓↓↓↓↓↓↓↓↓↓↓↓↓↓↓↓↓↓↓↓↓↓↓ OUTPUT ↓↓↓↓↓↓↓↓↓↓↓↓↓↓↓↓↓↓↓↓↓↓↓↓↓↓↓↓↓↓↓↓↓↓↓↓

Block(
    [
        Node {
            comments: [],
            node: FunctionCallStatement {
                pexp: Node {
                    comments: [],
                    node: NamedVar(
                        "calculate",
                    ),
                    location: Location {
                        line_start: 1,
                        line_end: 1,
                        column_start: 1,
                        column_end: 10,
                    },
                },
                args: [
                    Node {
                        comments: [],
                        node: FunctionCall {
                            pexp: Node {
                                comments: [],
                                node: NamedVar(
                                    "intermediate",
                                ),
                                location: Location {
                                    line_start: 1,
                                    line_end: 1,
                                    column_start: 11,
                                    column_end: 23,
                                },
                            },
                            args: [
                                Node {
                                    comments: [],
                                    node: FunctionCall {
                                        pexp: Node {
                                            comments: [],
                                            node: NamedVar(
                                                "inner",
                                            ),
                                            location: Location {
                                                line_start: 1,
                                                line_end: 1,
                                                column_start: 24,
                                                column_end: 29,
                                            },
                                        },
                                        args: [],
                                    },
                                    location: Location {
                                        line_start: 1,
                                        line_end: 1,
                                        column_start: 24,
                                        column_end: 31,
                                    },
                                },
                            ],
                        },
                        location: Location {
                            line_start: 1,
                            line_end: 1,
                            column_start: 11,
                            column_end: 32,
                        },
                    },
                ],
            },
            location: Location {
                line_start: 1,
                line_end: 1,
                column_start: 1,
                column_end: 33,
            },
        },
    ],
)
