foo(); bar(true); baz(nil);

↓↓↓↓↓↓↓↓↓↓↓↓↓↓↓↓↓↓↓↓↓↓↓↓↓↓↓↓↓↓↓↓↓↓↓↓ OUTPUT ↓↓↓↓↓↓↓↓↓↓↓↓↓↓↓↓↓↓↓↓↓↓↓↓↓↓↓↓↓↓↓↓↓↓↓↓

Block(
    [
        Node {
            comments: [],
            node: FunctionCallStatement {
                pexp: Node {
                    comments: [],
                    node: NamedVar(
                        "foo",
                    ),
                    location: Location {
                        line_start: 1,
                        line_end: 1,
                        column_start: 1,
                        column_end: 4,
                    },
                },
                args: [],
            },
            location: Location {
                line_start: 1,
                line_end: 1,
                column_start: 1,
                column_end: 6,
            },
        },
        Node {
            comments: [],
            node: FunctionCallStatement {
                pexp: Node {
                    comments: [],
                    node: NamedVar(
                        "bar",
                    ),
                    location: Location {
                        line_start: 1,
                        line_end: 1,
                        column_start: 8,
                        column_end: 11,
                    },
                },
                args: [
                    Node {
                        comments: [],
                        node: True,
                        location: Location {
                            line_start: 1,
                            line_end: 1,
                            column_start: 12,
                            column_end: 16,
                        },
                    },
                ],
            },
            location: Location {
                line_start: 1,
                line_end: 1,
                column_start: 8,
                column_end: 17,
            },
        },
        Node {
            comments: [],
            node: FunctionCallStatement {
                pexp: Node {
                    comments: [],
                    node: NamedVar(
                        "baz",
                    ),
                    location: Location {
                        line_start: 1,
                        line_end: 1,
                        column_start: 19,
                        column_end: 22,
                    },
                },
                args: [
                    Node {
                        comments: [],
                        node: Nil,
                        location: Location {
                            line_start: 1,
                            line_end: 1,
                            column_start: 23,
                            column_end: 26,
                        },
                    },
                ],
            },
            location: Location {
                line_start: 1,
                line_end: 1,
                column_start: 19,
                column_end: 27,
            },
        },
    ],
)
