foo 'single'
bar "double"
baz [[long]]

↓↓↓↓↓↓↓↓↓↓↓↓↓↓↓↓↓↓↓↓↓↓↓↓↓↓↓↓↓↓↓↓↓↓↓↓ OUTPUT ↓↓↓↓↓↓↓↓↓↓↓↓↓↓↓↓↓↓↓↓↓↓↓↓↓↓↓↓↓↓↓↓↓↓↓↓

Block(
    [
        Node {
            comments: [],
            node: FunctionCallStatement {
                pexp: Node {
                    comments: [],
                    node: NamedVar(
                        "foo",
                    ),
                    location: Location {
                        line_start: 1,
                        line_end: 1,
                        column_start: 1,
                        column_end: 4,
                    },
                },
                args: [
                    Node {
                        comments: [],
                        node: CookedStr(
                            "single",
                        ),
                        location: Location {
                            line_start: 1,
                            line_end: 1,
                            column_start: 5,
                            column_end: 13,
                        },
                    },
                ],
            },
            location: Location {
                line_start: 1,
                line_end: 1,
                column_start: 1,
                column_end: 13,
            },
        },
        Node {
            comments: [],
            node: FunctionCallStatement {
                pexp: Node {
                    comments: [],
                    node: NamedVar(
                        "bar",
                    ),
                    location: Location {
                        line_start: 2,
                        line_end: 2,
                        column_start: 1,
                        column_end: 4,
                    },
                },
                args: [
                    Node {
                        comments: [],
                        node: CookedStr(
                            "double",
                        ),
                        location: Location {
                            line_start: 2,
                            line_end: 2,
                            column_start: 5,
                            column_end: 13,
                        },
                    },
                ],
            },
            location: Location {
                line_start: 2,
                line_end: 2,
                column_start: 1,
                column_end: 13,
            },
        },
        Node {
            comments: [],
            node: FunctionCallStatement {
                pexp: Node {
                    comments: [],
                    node: NamedVar(
                        "baz",
                    ),
                    location: Location {
                        line_start: 3,
                        line_end: 3,
                        column_start: 1,
                        column_end: 4,
                    },
                },
                args: [
                    Node {
                        comments: [],
                        node: RawStr(
                            "long",
                        ),
                        location: Location {
                            line_start: 3,
                            line_end: 3,
                            column_start: 5,
                            column_end: 13,
                        },
                    },
                ],
            },
            location: Location {
                line_start: 3,
                line_end: 3,
                column_start: 1,
                column_end: 13,
            },
        },
    ],
)
