function simple()
  foo()
end

↓↓↓↓↓↓↓↓↓↓↓↓↓↓↓↓↓↓↓↓↓↓↓↓↓↓↓↓↓↓↓↓↓↓↓↓ OUTPUT ↓↓↓↓↓↓↓↓↓↓↓↓↓↓↓↓↓↓↓↓↓↓↓↓↓↓↓↓↓↓↓↓↓↓↓↓

Block(
    [
        FunctionDeclaration {
            name: [
                Name(
                    "simple",
                ),
            ],
            method: None,
            parlist: [],
            varargs: false,
            block: Block(
                [
                    FunctionCallStatement {
                        pexp: NamedVar(
                            "foo",
                        ),
                        args: [],
                    },
                ],
            ),
        },
    ],
)
