function foo(bar, baz)
  bar(baz)
end

↓↓↓↓↓↓↓↓↓↓↓↓↓↓↓↓↓↓↓↓↓↓↓↓↓↓↓↓↓↓↓↓↓↓↓↓ OUTPUT ↓↓↓↓↓↓↓↓↓↓↓↓↓↓↓↓↓↓↓↓↓↓↓↓↓↓↓↓↓↓↓↓↓↓↓↓

Ok(
    Block(
        [
            FunctionDeclaration {
                name: [
                    Name(
                        "foo",
                    ),
                ],
                method: None,
                parlist: [
                    Name(
                        "bar",
                    ),
                    Name(
                        "baz",
                    ),
                ],
                varargs: false,
                block: Block(
                    [
                        FunctionCallStatement {
                            pexp: NamedVar(
                                "bar",
                            ),
                            args: [
                                NamedVar(
                                    "baz",
                                ),
                            ],
                        },
                    ],
                ),
            },
        ],
    ),
)
