local x = 'wat'


↓↓↓↓↓↓↓↓↓↓↓↓↓↓↓↓↓↓↓↓↓↓↓↓↓↓↓↓↓↓↓↓↓↓↓↓ OUTPUT ↓↓↓↓↓↓↓↓↓↓↓↓↓↓↓↓↓↓↓↓↓↓↓↓↓↓↓↓↓↓↓↓↓↓↓↓

Block(
    [
        Node {
            comments: [],
            node: LocalDeclaration {
                namelist: [
                    Name(
                        "x",
                    ),
                ],
                explist: [
                    Node {
                        comments: [],
                        node: CookedStr(
                            "wat",
                        ),
                        location: Location {
                            line_start: 1,
                            line_end: 1,
                            column_start: 11,
                            column_end: 16,
                        },
                    },
                ],
            },
            location: Location {
                line_start: 1,
                line_end: 1,
                column_start: 1,
                column_end: 16,
            },
        },
    ],
)
