local function secret()
  foo()
end

↓↓↓↓↓↓↓↓↓↓↓↓↓↓↓↓↓↓↓↓↓↓↓↓↓↓↓↓↓↓↓↓↓↓↓↓ OUTPUT ↓↓↓↓↓↓↓↓↓↓↓↓↓↓↓↓↓↓↓↓↓↓↓↓↓↓↓↓↓↓↓↓↓↓↓↓

Block(
    [
        Node {
            comments: [],
            node: LocalFunctionDeclaration {
                name: Name(
                    "secret",
                ),
                parlist: [],
                varargs: false,
                block: Block(
                    [
                        Node {
                            comments: [],
                            node: FunctionCallStatement {
                                pexp: NamedVar(
                                    "foo",
                                ),
                                args: [],
                            },
                        },
                    ],
                ),
            },
        },
    ],
)
