local function secret()
  foo()
end

↓↓↓↓↓↓↓↓↓↓↓↓↓↓↓↓↓↓↓↓↓↓↓↓↓↓↓↓↓↓↓↓↓↓↓↓ OUTPUT ↓↓↓↓↓↓↓↓↓↓↓↓↓↓↓↓↓↓↓↓↓↓↓↓↓↓↓↓↓↓↓↓↓↓↓↓

Block(
    [
        LocalFunctionDeclaration {
            name: Name(
                "secret",
            ),
            parlist: [],
            varargs: false,
            block: Block(
                [
                    FunctionCallStatement {
                        pexp: NamedVar(
                            "foo",
                        ),
                        args: [],
                    },
                ],
            ),
        },
    ],
)
