local function three(foo, bar, baz)
  foo(bar(baz))
end

↓↓↓↓↓↓↓↓↓↓↓↓↓↓↓↓↓↓↓↓↓↓↓↓↓↓↓↓↓↓↓↓↓↓↓↓ OUTPUT ↓↓↓↓↓↓↓↓↓↓↓↓↓↓↓↓↓↓↓↓↓↓↓↓↓↓↓↓↓↓↓↓↓↓↓↓

Block(
    [
        LocalFunctionDeclaration {
            name: Name(
                "three",
            ),
            parlist: [
                Name(
                    "foo",
                ),
                Name(
                    "bar",
                ),
                Name(
                    "baz",
                ),
            ],
            varargs: false,
            block: Block(
                [
                    FunctionCallStatement {
                        pexp: NamedVar(
                            "foo",
                        ),
                        args: [
                            FunctionCall {
                                pexp: NamedVar(
                                    "bar",
                                ),
                                args: [
                                    NamedVar(
                                        "baz",
                                    ),
                                ],
                            },
                        ],
                    },
                ],
            ),
        },
    ],
)
