local function three(foo, bar, baz)
  foo(bar(baz))
end

↓↓↓↓↓↓↓↓↓↓↓↓↓↓↓↓↓↓↓↓↓↓↓↓↓↓↓↓↓↓↓↓↓↓↓↓ OUTPUT ↓↓↓↓↓↓↓↓↓↓↓↓↓↓↓↓↓↓↓↓↓↓↓↓↓↓↓↓↓↓↓↓↓↓↓↓

Block(
    [
        Node {
            comments: [],
            node: LocalFunctionDeclaration {
                name: Name(
                    "three",
                ),
                parlist: [
                    Name(
                        "foo",
                    ),
                    Name(
                        "bar",
                    ),
                    Name(
                        "baz",
                    ),
                ],
                varargs: false,
                block: Block(
                    [
                        Node {
                            comments: [],
                            node: FunctionCallStatement {
                                pexp: Node {
                                    comments: [],
                                    node: NamedVar(
                                        "foo",
                                    ),
                                    location: Location {
                                        line_start: 2,
                                        line_end: 2,
                                        column_start: 3,
                                        column_end: 6,
                                    },
                                },
                                args: [
                                    Node {
                                        comments: [],
                                        node: FunctionCall {
                                            pexp: Node {
                                                comments: [],
                                                node: NamedVar(
                                                    "bar",
                                                ),
                                                location: Location {
                                                    line_start: 2,
                                                    line_end: 2,
                                                    column_start: 7,
                                                    column_end: 10,
                                                },
                                            },
                                            args: [
                                                Node {
                                                    comments: [],
                                                    node: NamedVar(
                                                        "baz",
                                                    ),
                                                    location: Location {
                                                        line_start: 2,
                                                        line_end: 2,
                                                        column_start: 11,
                                                        column_end: 14,
                                                    },
                                                },
                                            ],
                                        },
                                        location: Location {
                                            line_start: 2,
                                            line_end: 2,
                                            column_start: 7,
                                            column_end: 15,
                                        },
                                    },
                                ],
                            },
                            location: Location {
                                line_start: 2,
                                line_end: 2,
                                column_start: 3,
                                column_end: 16,
                            },
                        },
                    ],
                ),
            },
            location: Location {
                line_start: 1,
                line_end: 3,
                column_start: 1,
                column_end: 4,
            },
        },
    ],
)
