local function debug(...)
  print(inspect(...))
end

↓↓↓↓↓↓↓↓↓↓↓↓↓↓↓↓↓↓↓↓↓↓↓↓↓↓↓↓↓↓↓↓↓↓↓↓ OUTPUT ↓↓↓↓↓↓↓↓↓↓↓↓↓↓↓↓↓↓↓↓↓↓↓↓↓↓↓↓↓↓↓↓↓↓↓↓

Ok(
    Block(
        [
            LocalFunctionDeclaration {
                name: Name(
                    "debug",
                ),
                parlist: [],
                varargs: true,
                block: Block(
                    [
                        FunctionCallStatement {
                            pexp: NamedVar(
                                "print",
                            ),
                            args: [
                                FunctionCall {
                                    pexp: NamedVar(
                                        "inspect",
                                    ),
                                    args: [
                                        Varargs,
                                    ],
                                },
                            ],
                        },
                    ],
                ),
            },
        ],
    ),
)
