if a then
  a()
elseif b then
  b()
elseif c then
  c()
else
  d()
end

↓↓↓↓↓↓↓↓↓↓↓↓↓↓↓↓↓↓↓↓↓↓↓↓↓↓↓↓↓↓↓↓↓↓↓↓ OUTPUT ↓↓↓↓↓↓↓↓↓↓↓↓↓↓↓↓↓↓↓↓↓↓↓↓↓↓↓↓↓↓↓↓↓↓↓↓

Block(
    [
        Node {
            comments: [],
            node: IfStatement {
                consequents: [
                    Consequent {
                        cexp: Node {
                            comments: [],
                            node: NamedVar(
                                "a",
                            ),
                            location: Location {
                                line_start: 1,
                                line_end: 1,
                                column_start: 4,
                                column_end: 5,
                            },
                        },
                        block: Block(
                            [
                                Node {
                                    comments: [],
                                    node: FunctionCallStatement {
                                        pexp: Node {
                                            comments: [],
                                            node: NamedVar(
                                                "a",
                                            ),
                                            location: Location {
                                                line_start: 2,
                                                line_end: 2,
                                                column_start: 3,
                                                column_end: 4,
                                            },
                                        },
                                        args: [],
                                    },
                                    location: Location {
                                        line_start: 2,
                                        line_end: 2,
                                        column_start: 3,
                                        column_end: 6,
                                    },
                                },
                            ],
                        ),
                    },
                    Consequent {
                        cexp: Node {
                            comments: [],
                            node: NamedVar(
                                "b",
                            ),
                            location: Location {
                                line_start: 3,
                                line_end: 3,
                                column_start: 8,
                                column_end: 9,
                            },
                        },
                        block: Block(
                            [
                                Node {
                                    comments: [],
                                    node: FunctionCallStatement {
                                        pexp: Node {
                                            comments: [],
                                            node: NamedVar(
                                                "b",
                                            ),
                                            location: Location {
                                                line_start: 4,
                                                line_end: 4,
                                                column_start: 3,
                                                column_end: 4,
                                            },
                                        },
                                        args: [],
                                    },
                                    location: Location {
                                        line_start: 4,
                                        line_end: 4,
                                        column_start: 3,
                                        column_end: 6,
                                    },
                                },
                            ],
                        ),
                    },
                    Consequent {
                        cexp: Node {
                            comments: [],
                            node: NamedVar(
                                "c",
                            ),
                            location: Location {
                                line_start: 5,
                                line_end: 5,
                                column_start: 8,
                                column_end: 9,
                            },
                        },
                        block: Block(
                            [
                                Node {
                                    comments: [],
                                    node: FunctionCallStatement {
                                        pexp: Node {
                                            comments: [],
                                            node: NamedVar(
                                                "c",
                                            ),
                                            location: Location {
                                                line_start: 6,
                                                line_end: 6,
                                                column_start: 3,
                                                column_end: 4,
                                            },
                                        },
                                        args: [],
                                    },
                                    location: Location {
                                        line_start: 6,
                                        line_end: 6,
                                        column_start: 3,
                                        column_end: 6,
                                    },
                                },
                            ],
                        ),
                    },
                ],
                alternate: Some(
                    Block(
                        [
                            Node {
                                comments: [],
                                node: FunctionCallStatement {
                                    pexp: Node {
                                        comments: [],
                                        node: NamedVar(
                                            "d",
                                        ),
                                        location: Location {
                                            line_start: 8,
                                            line_end: 8,
                                            column_start: 3,
                                            column_end: 4,
                                        },
                                    },
                                    args: [],
                                },
                                location: Location {
                                    line_start: 8,
                                    line_end: 8,
                                    column_start: 3,
                                    column_end: 6,
                                },
                            },
                        ],
                    ),
                ),
            },
            location: Location {
                line_start: 1,
                line_end: 9,
                column_start: 1,
                column_end: 4,
            },
        },
    ],
)
