-- var ::=  Name | prefixexp `[´ exp `]´ | prefixexp `.´ Name
-- prefixexp ::= var | functioncall | `(´ exp `)´
-- functioncall ::=  prefixexp args | prefixexp `:´ Name args
-- args ::=  `(´ [explist] `)´ | tableconstructor | String


local item = list[100]

-- TODO: note that index expressions can appear on the LHS too; eg:
-- foo[x] = 1

↓↓↓↓↓↓↓↓↓↓↓↓↓↓↓↓↓↓↓↓↓↓↓↓↓↓↓↓↓↓↓↓↓↓↓↓ OUTPUT ↓↓↓↓↓↓↓↓↓↓↓↓↓↓↓↓↓↓↓↓↓↓↓↓↓↓↓↓↓↓↓↓↓↓↓↓

Block(
    [
        Node {
            comments: [
                Comment {
                    kind: LineComment,
                    content: "-- var ::=  Name | prefixexp `[´ exp `]´ | prefixexp `.´ Name\n",
                    location: Location {
                        line_start: 1,
                        line_end: 2,
                        column_start: 1,
                        column_end: 1,
                    },
                },
                Comment {
                    kind: LineComment,
                    content: "-- prefixexp ::= var | functioncall | `(´ exp `)´\n",
                    location: Location {
                        line_start: 2,
                        line_end: 3,
                        column_start: 1,
                        column_end: 1,
                    },
                },
                Comment {
                    kind: LineComment,
                    content: "-- functioncall ::=  prefixexp args | prefixexp `:´ Name args\n",
                    location: Location {
                        line_start: 3,
                        line_end: 4,
                        column_start: 1,
                        column_end: 1,
                    },
                },
                Comment {
                    kind: LineComment,
                    content: "-- args ::=  `(´ [explist] `)´ | tableconstructor | String\n",
                    location: Location {
                        line_start: 4,
                        line_end: 5,
                        column_start: 1,
                        column_end: 1,
                    },
                },
            ],
            node: LocalDeclaration {
                namelist: [
                    Name(
                        "item",
                    ),
                ],
                explist: [
                    Node {
                        comments: [],
                        node: Index {
                            pexp: Node {
                                comments: [],
                                node: NamedVar(
                                    "list",
                                ),
                                location: Location {
                                    line_start: 7,
                                    line_end: 7,
                                    column_start: 14,
                                    column_end: 18,
                                },
                            },
                            kexp: Node {
                                comments: [],
                                node: Number(
                                    "100",
                                ),
                                location: Location {
                                    line_start: 7,
                                    line_end: 7,
                                    column_start: 19,
                                    column_end: 22,
                                },
                            },
                        },
                        location: Location {
                            line_start: 7,
                            line_end: 7,
                            column_start: 18,
                            column_end: 23,
                        },
                    },
                ],
            },
            location: Location {
                line_start: 7,
                line_end: 7,
                column_start: 1,
                column_end: 23,
            },
        },
    ],
)
