--[[
  A block comment.
  More block comment.
--]]

--[[ A block comment on one line. ]]

--[====[ With an arbitrary number of equals signs. ]====]

return "We're done here"

↓↓↓↓↓↓↓↓↓↓↓↓↓↓↓↓↓↓↓↓↓↓↓↓↓↓↓↓↓↓↓↓↓↓↓↓ OUTPUT ↓↓↓↓↓↓↓↓↓↓↓↓↓↓↓↓↓↓↓↓↓↓↓↓↓↓↓↓↓↓↓↓↓↓↓↓

Block(
    [
        Node {
            comments: [],
            node: Return(
                Some(
                    [
                        CookedStr(
                            "We're done here",
                        ),
                    ],
                ),
            ),
        },
    ],
)
