--[[
  A block comment.
  More block comment.
--]]

return "We're done here"

↓↓↓↓↓↓↓↓↓↓↓↓↓↓↓↓↓↓↓↓↓↓↓↓↓↓↓↓↓↓↓↓↓↓↓↓ OUTPUT ↓↓↓↓↓↓↓↓↓↓↓↓↓↓↓↓↓↓↓↓↓↓↓↓↓↓↓↓↓↓↓↓↓↓↓↓

Block(
    [
        Return(
            Some(
                [
                    CookedStr(
                        "We're done here",
                    ),
                ],
            ),
        ),
    ],
)
