-- A line comment.

local thing = true

↓↓↓↓↓↓↓↓↓↓↓↓↓↓↓↓↓↓↓↓↓↓↓↓↓↓↓↓↓↓↓↓↓↓↓↓ OUTPUT ↓↓↓↓↓↓↓↓↓↓↓↓↓↓↓↓↓↓↓↓↓↓↓↓↓↓↓↓↓↓↓↓↓↓↓↓

Ok(
    Block(
        [
            LocalDeclaration {
                namelist: [
                    Name(
                        "thing",
                    ),
                ],
                explist: [
                    True,
                ],
            },
        ],
    ),
)
