local item = foo.bar

↓↓↓↓↓↓↓↓↓↓↓↓↓↓↓↓↓↓↓↓↓↓↓↓↓↓↓↓↓↓↓↓↓↓↓↓ OUTPUT ↓↓↓↓↓↓↓↓↓↓↓↓↓↓↓↓↓↓↓↓↓↓↓↓↓↓↓↓↓↓↓↓↓↓↓↓

Block(
    [
        LocalDeclaration {
            namelist: [
                Name(
                    "item",
                ),
            ],
            explist: [
                Index {
                    pexp: NamedVar(
                        "foo",
                    ),
                    kexp: RawStr(
                        "bar",
                    ),
                },
            ],
        },
    ],
)
