local stuff = {
  one = 1,
  two = true,
  three = nil,
}

↓↓↓↓↓↓↓↓↓↓↓↓↓↓↓↓↓↓↓↓↓↓↓↓↓↓↓↓↓↓↓↓↓↓↓↓ OUTPUT ↓↓↓↓↓↓↓↓↓↓↓↓↓↓↓↓↓↓↓↓↓↓↓↓↓↓↓↓↓↓↓↓↓↓↓↓

Block(
    [
        Node {
            comments: [],
            node: LocalDeclaration {
                namelist: [
                    Name(
                        "stuff",
                    ),
                ],
                explist: [
                    Node {
                        comments: [],
                        node: Table(
                            [
                                Node {
                                    comments: [],
                                    node: Field {
                                        index: None,
                                        lexp: Node {
                                            comments: [],
                                            node: RawStr(
                                                "one",
                                            ),
                                            location: Location {
                                                line_start: 0,
                                                line_end: 0,
                                                column_start: 0,
                                                column_end: 0,
                                            },
                                        },
                                        rexp: Node {
                                            comments: [],
                                            node: Number(
                                                "1",
                                            ),
                                            location: Location {
                                                line_start: 2,
                                                line_end: 2,
                                                column_start: 9,
                                                column_end: 10,
                                            },
                                        },
                                    },
                                    location: Location {
                                        line_start: 0,
                                        line_end: 2,
                                        column_start: 0,
                                        column_end: 10,
                                    },
                                },
                                Node {
                                    comments: [],
                                    node: Field {
                                        index: None,
                                        lexp: Node {
                                            comments: [],
                                            node: RawStr(
                                                "two",
                                            ),
                                            location: Location {
                                                line_start: 0,
                                                line_end: 0,
                                                column_start: 0,
                                                column_end: 0,
                                            },
                                        },
                                        rexp: Node {
                                            comments: [],
                                            node: True,
                                            location: Location {
                                                line_start: 3,
                                                line_end: 3,
                                                column_start: 9,
                                                column_end: 13,
                                            },
                                        },
                                    },
                                    location: Location {
                                        line_start: 0,
                                        line_end: 3,
                                        column_start: 0,
                                        column_end: 13,
                                    },
                                },
                                Node {
                                    comments: [],
                                    node: Field {
                                        index: None,
                                        lexp: Node {
                                            comments: [],
                                            node: RawStr(
                                                "three",
                                            ),
                                            location: Location {
                                                line_start: 0,
                                                line_end: 0,
                                                column_start: 0,
                                                column_end: 0,
                                            },
                                        },
                                        rexp: Node {
                                            comments: [],
                                            node: Nil,
                                            location: Location {
                                                line_start: 4,
                                                line_end: 4,
                                                column_start: 11,
                                                column_end: 14,
                                            },
                                        },
                                    },
                                    location: Location {
                                        line_start: 0,
                                        line_end: 4,
                                        column_start: 0,
                                        column_end: 14,
                                    },
                                },
                            ],
                        ),
                        location: Location {
                            line_start: 1,
                            line_end: 5,
                            column_start: 15,
                            column_end: 2,
                        },
                    },
                ],
            },
            location: Location {
                line_start: 1,
                line_end: 5,
                column_start: 1,
                column_end: 2,
            },
        },
    ],
)
