local stuff = { ["foo"] = bar }

↓↓↓↓↓↓↓↓↓↓↓↓↓↓↓↓↓↓↓↓↓↓↓↓↓↓↓↓↓↓↓↓↓↓↓↓ OUTPUT ↓↓↓↓↓↓↓↓↓↓↓↓↓↓↓↓↓↓↓↓↓↓↓↓↓↓↓↓↓↓↓↓↓↓↓↓

Block(
    [
        Node {
            comments: [],
            node: LocalDeclaration {
                namelist: [
                    Name(
                        "stuff",
                    ),
                ],
                explist: [
                    Table(
                        [
                            Field {
                                index: None,
                                lexp: CookedStr(
                                    "foo",
                                ),
                                rexp: NamedVar(
                                    "bar",
                                ),
                            },
                        ],
                    ),
                ],
            },
        },
    ],
)
