local list = {
  one,
  nested = {
    ["two"] = 2,
  }
}

↓↓↓↓↓↓↓↓↓↓↓↓↓↓↓↓↓↓↓↓↓↓↓↓↓↓↓↓↓↓↓↓↓↓↓↓ OUTPUT ↓↓↓↓↓↓↓↓↓↓↓↓↓↓↓↓↓↓↓↓↓↓↓↓↓↓↓↓↓↓↓↓↓↓↓↓

Ok(
    Block(
        [
            LocalDeclaration {
                namelist: [
                    Name(
                        "list",
                    ),
                ],
                explist: [
                    Table(
                        [
                            Field {
                                index: Some(
                                    1,
                                ),
                                lexp: Nil,
                                rexp: NamedVar(
                                    "one",
                                ),
                            },
                            Field {
                                index: None,
                                lexp: RawStr(
                                    "nested",
                                ),
                                rexp: Table(
                                    [
                                        Field {
                                            index: None,
                                            lexp: CookedStr(
                                                "two",
                                            ),
                                            rexp: Number(
                                                "2",
                                            ),
                                        },
                                    ],
                                ),
                            },
                        ],
                    ),
                ],
            },
        ],
    ),
)
