local stuff = { one }

↓↓↓↓↓↓↓↓↓↓↓↓↓↓↓↓↓↓↓↓↓↓↓↓↓↓↓↓↓↓↓↓↓↓↓↓ OUTPUT ↓↓↓↓↓↓↓↓↓↓↓↓↓↓↓↓↓↓↓↓↓↓↓↓↓↓↓↓↓↓↓↓↓↓↓↓

Ok(
    Block(
        [
            LocalDeclaration {
                namelist: [
                    Name(
                        "stuff",
                    ),
                ],
                explist: [
                    Table(
                        [
                            Field {
                                index: Some(
                                    1,
                                ),
                                lexp: Nil,
                                rexp: NamedVar(
                                    "one",
                                ),
                            },
                        ],
                    ),
                ],
            },
        ],
    ),
)
