for x, y in {something = "foo"}, "bar" do
  print(x[y])
end

↓↓↓↓↓↓↓↓↓↓↓↓↓↓↓↓↓↓↓↓↓↓↓↓↓↓↓↓↓↓↓↓↓↓↓↓ OUTPUT ↓↓↓↓↓↓↓↓↓↓↓↓↓↓↓↓↓↓↓↓↓↓↓↓↓↓↓↓↓↓↓↓↓↓↓↓

Block(
    [
        Node {
            comments: [],
            node: ForIn {
                namelist: [
                    Name(
                        "x",
                    ),
                    Name(
                        "y",
                    ),
                ],
                explist: [
                    Node {
                        comments: [],
                        node: Table(
                            [
                                Node {
                                    comments: [],
                                    node: Field {
                                        index: None,
                                        lexp: Node {
                                            comments: [],
                                            node: RawStr(
                                                "something",
                                            ),
                                        },
                                        rexp: Node {
                                            comments: [],
                                            node: CookedStr(
                                                "foo",
                                            ),
                                        },
                                    },
                                },
                            ],
                        ),
                    },
                    Node {
                        comments: [],
                        node: CookedStr(
                            "bar",
                        ),
                    },
                ],
                block: Block(
                    [
                        Node {
                            comments: [],
                            node: FunctionCallStatement {
                                pexp: Node {
                                    comments: [],
                                    node: NamedVar(
                                        "print",
                                    ),
                                },
                                args: [
                                    Node {
                                        comments: [],
                                        node: Index {
                                            pexp: Node {
                                                comments: [],
                                                node: NamedVar(
                                                    "x",
                                                ),
                                            },
                                            kexp: Node {
                                                comments: [],
                                                node: NamedVar(
                                                    "y",
                                                ),
                                            },
                                        },
                                    },
                                ],
                            },
                        },
                    ],
                ),
            },
        },
    ],
)
