while true do
  if test() then
    print("test passed")
    break
  end
end

↓↓↓↓↓↓↓↓↓↓↓↓↓↓↓↓↓↓↓↓↓↓↓↓↓↓↓↓↓↓↓↓↓↓↓↓ OUTPUT ↓↓↓↓↓↓↓↓↓↓↓↓↓↓↓↓↓↓↓↓↓↓↓↓↓↓↓↓↓↓↓↓↓↓↓↓

Block(
    [
        Node {
            comments: [],
            node: While {
                cexp: Node {
                    comments: [],
                    node: True,
                    location: Location {
                        line_start: 1,
                        line_end: 1,
                        column_start: 7,
                        column_end: 11,
                    },
                },
                block: Block(
                    [
                        Node {
                            comments: [],
                            node: IfStatement {
                                consequents: [
                                    Consequent {
                                        cexp: Node {
                                            comments: [],
                                            node: FunctionCall {
                                                pexp: Node {
                                                    comments: [],
                                                    node: NamedVar(
                                                        "test",
                                                    ),
                                                    location: Location {
                                                        line_start: 2,
                                                        line_end: 2,
                                                        column_start: 6,
                                                        column_end: 10,
                                                    },
                                                },
                                                args: [],
                                            },
                                            location: Location {
                                                line_start: 2,
                                                line_end: 2,
                                                column_start: 6,
                                                column_end: 12,
                                            },
                                        },
                                        block: Block(
                                            [
                                                Node {
                                                    comments: [],
                                                    node: FunctionCallStatement {
                                                        pexp: Node {
                                                            comments: [],
                                                            node: NamedVar(
                                                                "print",
                                                            ),
                                                            location: Location {
                                                                line_start: 3,
                                                                line_end: 3,
                                                                column_start: 5,
                                                                column_end: 10,
                                                            },
                                                        },
                                                        args: [
                                                            Node {
                                                                comments: [],
                                                                node: CookedStr(
                                                                    "test passed",
                                                                ),
                                                                location: Location {
                                                                    line_start: 3,
                                                                    line_end: 3,
                                                                    column_start: 11,
                                                                    column_end: 24,
                                                                },
                                                            },
                                                        ],
                                                    },
                                                    location: Location {
                                                        line_start: 3,
                                                        line_end: 3,
                                                        column_start: 5,
                                                        column_end: 25,
                                                    },
                                                },
                                                Node {
                                                    comments: [],
                                                    node: Break,
                                                    location: Location {
                                                        line_start: 4,
                                                        line_end: 4,
                                                        column_start: 5,
                                                        column_end: 10,
                                                    },
                                                },
                                            ],
                                        ),
                                    },
                                ],
                                alternate: None,
                            },
                            location: Location {
                                line_start: 2,
                                line_end: 5,
                                column_start: 3,
                                column_end: 6,
                            },
                        },
                    ],
                ),
            },
            location: Location {
                line_start: 1,
                line_end: 6,
                column_start: 1,
                column_end: 4,
            },
        },
    ],
)
