calculate()(true)

thing "a" "b"

freaky {1, 2} {3, 4}

↓↓↓↓↓↓↓↓↓↓↓↓↓↓↓↓↓↓↓↓↓↓↓↓↓↓↓↓↓↓↓↓↓↓↓↓ OUTPUT ↓↓↓↓↓↓↓↓↓↓↓↓↓↓↓↓↓↓↓↓↓↓↓↓↓↓↓↓↓↓↓↓↓↓↓↓

Ok(
    Chunk(
        Block(
            [
                FunctionCallStatement {
                    pexp: FunctionCall {
                        pexp: NamedVar(
                            "calculate",
                        ),
                        args: [],
                    },
                    args: [
                        True,
                    ],
                },
                FunctionCallStatement {
                    pexp: FunctionCall {
                        pexp: NamedVar(
                            "thing",
                        ),
                        args: [
                            CookedStr(
                                "a",
                            ),
                        ],
                    },
                    args: [
                        CookedStr(
                            "b",
                        ),
                    ],
                },
                FunctionCallStatement {
                    pexp: FunctionCall {
                        pexp: NamedVar(
                            "freaky",
                        ),
                        args: [
                            Table(
                                [
                                    Field {
                                        index: Some(
                                            1,
                                        ),
                                        lexp: Nil,
                                        rexp: Number(
                                            "1",
                                        ),
                                    },
                                    Field {
                                        index: Some(
                                            2,
                                        ),
                                        lexp: Nil,
                                        rexp: Number(
                                            "2",
                                        ),
                                    },
                                ],
                            ),
                        ],
                    },
                    args: [
                        Table(
                            [
                                Field {
                                    index: Some(
                                        1,
                                    ),
                                    lexp: Nil,
                                    rexp: Number(
                                        "3",
                                    ),
                                },
                                Field {
                                    index: Some(
                                        2,
                                    ),
                                    lexp: Nil,
                                    rexp: Number(
                                        "4",
                                    ),
                                },
                            ],
                        ),
                    ],
                },
            ],
        ),
    ),
)
