local result = calculate()

↓↓↓↓↓↓↓↓↓↓↓↓↓↓↓↓↓↓↓↓↓↓↓↓↓↓↓↓↓↓↓↓↓↓↓↓ OUTPUT ↓↓↓↓↓↓↓↓↓↓↓↓↓↓↓↓↓↓↓↓↓↓↓↓↓↓↓↓↓↓↓↓↓↓↓↓

Ok(
    Chunk(
        Block(
            [
                LocalDeclaration {
                    namelist: [
                        Name(
                            "result",
                        ),
                    ],
                    explist: [
                        FunctionCall {
                            pexp: NamedVar(
                                "calculate",
                            ),
                            args: [],
                        },
                    ],
                },
            ],
        ),
    ),
)
