add(1, 2, "three")

↓↓↓↓↓↓↓↓↓↓↓↓↓↓↓↓↓↓↓↓↓↓↓↓↓↓↓↓↓↓↓↓↓↓↓↓ OUTPUT ↓↓↓↓↓↓↓↓↓↓↓↓↓↓↓↓↓↓↓↓↓↓↓↓↓↓↓↓↓↓↓↓↓↓↓↓

Block(
    [
        Node {
            comments: [],
            node: FunctionCallStatement {
                pexp: Node {
                    comments: [],
                    node: NamedVar(
                        "add",
                    ),
                },
                args: [
                    Node {
                        comments: [],
                        node: Number(
                            "1",
                        ),
                    },
                    Node {
                        comments: [],
                        node: Number(
                            "2",
                        ),
                    },
                    Node {
                        comments: [],
                        node: CookedStr(
                            "three",
                        ),
                    },
                ],
            },
        },
    ],
)
