add(1, 2, "three")

↓↓↓↓↓↓↓↓↓↓↓↓↓↓↓↓↓↓↓↓↓↓↓↓↓↓↓↓↓↓↓↓↓↓↓↓ OUTPUT ↓↓↓↓↓↓↓↓↓↓↓↓↓↓↓↓↓↓↓↓↓↓↓↓↓↓↓↓↓↓↓↓↓↓↓↓

Block(
    [
        FunctionCallStatement {
            pexp: NamedVar(
                "add",
            ),
            args: [
                Number(
                    "1",
                ),
                Number(
                    "2",
                ),
                CookedStr(
                    "three",
                ),
            ],
        },
    ],
)
