print(1) print(2) print(3)

↓↓↓↓↓↓↓↓↓↓↓↓↓↓↓↓↓↓↓↓↓↓↓↓↓↓↓↓↓↓↓↓↓↓↓↓ OUTPUT ↓↓↓↓↓↓↓↓↓↓↓↓↓↓↓↓↓↓↓↓↓↓↓↓↓↓↓↓↓↓↓↓↓↓↓↓

Block(
    [
        FunctionCallStatement {
            pexp: NamedVar(
                "print",
            ),
            args: [
                Number(
                    "1",
                ),
            ],
        },
        FunctionCallStatement {
            pexp: NamedVar(
                "print",
            ),
            args: [
                Number(
                    "2",
                ),
            ],
        },
        FunctionCallStatement {
            pexp: NamedVar(
                "print",
            ),
            args: [
                Number(
                    "3",
                ),
            ],
        },
    ],
)
