foo(); bar(true); baz(nil);

↓↓↓↓↓↓↓↓↓↓↓↓↓↓↓↓↓↓↓↓↓↓↓↓↓↓↓↓↓↓↓↓↓↓↓↓ OUTPUT ↓↓↓↓↓↓↓↓↓↓↓↓↓↓↓↓↓↓↓↓↓↓↓↓↓↓↓↓↓↓↓↓↓↓↓↓

Ok(
    Chunk(
        Block(
            [
                FunctionCallStatement {
                    pexp: NamedVar(
                        "foo",
                    ),
                    args: [],
                },
                FunctionCallStatement {
                    pexp: NamedVar(
                        "bar",
                    ),
                    args: [
                        True,
                    ],
                },
                FunctionCallStatement {
                    pexp: NamedVar(
                        "baz",
                    ),
                    args: [
                        Nil,
                    ],
                },
            ],
        ),
    ),
)
