foo(); bar(true); baz(nil);

↓↓↓↓↓↓↓↓↓↓↓↓↓↓↓↓↓↓↓↓↓↓↓↓↓↓↓↓↓↓↓↓↓↓↓↓ OUTPUT ↓↓↓↓↓↓↓↓↓↓↓↓↓↓↓↓↓↓↓↓↓↓↓↓↓↓↓↓↓↓↓↓↓↓↓↓

Block(
    [
        Node {
            comments: [],
            node: FunctionCallStatement {
                pexp: Node {
                    comments: [],
                    node: NamedVar(
                        "foo",
                    ),
                },
                args: [],
            },
        },
        Node {
            comments: [],
            node: FunctionCallStatement {
                pexp: Node {
                    comments: [],
                    node: NamedVar(
                        "bar",
                    ),
                },
                args: [
                    Node {
                        comments: [],
                        node: True,
                    },
                ],
            },
        },
        Node {
            comments: [],
            node: FunctionCallStatement {
                pexp: Node {
                    comments: [],
                    node: NamedVar(
                        "baz",
                    ),
                },
                args: [
                    Node {
                        comments: [],
                        node: Nil,
                    },
                ],
            },
        },
    ],
)
