len("contents")

↓↓↓↓↓↓↓↓↓↓↓↓↓↓↓↓↓↓↓↓↓↓↓↓↓↓↓↓↓↓↓↓↓↓↓↓ OUTPUT ↓↓↓↓↓↓↓↓↓↓↓↓↓↓↓↓↓↓↓↓↓↓↓↓↓↓↓↓↓↓↓↓↓↓↓↓

Block(
    [
        FunctionCallStatement {
            pexp: NamedVar(
                "len",
            ),
            args: [
                CookedStr(
                    "contents",
                ),
            ],
        },
    ],
)
