len("contents")

↓↓↓↓↓↓↓↓↓↓↓↓↓↓↓↓↓↓↓↓↓↓↓↓↓↓↓↓↓↓↓↓↓↓↓↓ OUTPUT ↓↓↓↓↓↓↓↓↓↓↓↓↓↓↓↓↓↓↓↓↓↓↓↓↓↓↓↓↓↓↓↓↓↓↓↓

Ok(
    Chunk(
        Block(
            [
                FunctionCallStatement {
                    pexp: NamedVar(
                        "len",
                    ),
                    args: [
                        CookedStr(
                            "contents",
                        ),
                    ],
                },
            ],
        ),
    ),
)
