len("contents")

↓↓↓↓↓↓↓↓↓↓↓↓↓↓↓↓↓↓↓↓↓↓↓↓↓↓↓↓↓↓↓↓↓↓↓↓ OUTPUT ↓↓↓↓↓↓↓↓↓↓↓↓↓↓↓↓↓↓↓↓↓↓↓↓↓↓↓↓↓↓↓↓↓↓↓↓

Ok(
    Block(
        [
            FunctionCallStatement {
                pexp: NamedVar(
                    "len",
                ),
                args: [
                    CookedStr(
                        "contents",
                    ),
                ],
            },
        ],
    ),
)
