compute { a, b, c}

↓↓↓↓↓↓↓↓↓↓↓↓↓↓↓↓↓↓↓↓↓↓↓↓↓↓↓↓↓↓↓↓↓↓↓↓ OUTPUT ↓↓↓↓↓↓↓↓↓↓↓↓↓↓↓↓↓↓↓↓↓↓↓↓↓↓↓↓↓↓↓↓↓↓↓↓

Block(
    [
        FunctionCallStatement {
            pexp: NamedVar(
                "compute",
            ),
            args: [
                Table(
                    [
                        Field {
                            index: Some(
                                1,
                            ),
                            lexp: Nil,
                            rexp: NamedVar(
                                "a",
                            ),
                        },
                        Field {
                            index: Some(
                                2,
                            ),
                            lexp: Nil,
                            rexp: NamedVar(
                                "b",
                            ),
                        },
                        Field {
                            index: Some(
                                3,
                            ),
                            lexp: Nil,
                            rexp: NamedVar(
                                "c",
                            ),
                        },
                    ],
                ),
            ],
        },
    ],
)
