compute { a, b, c}

↓↓↓↓↓↓↓↓↓↓↓↓↓↓↓↓↓↓↓↓↓↓↓↓↓↓↓↓↓↓↓↓↓↓↓↓ OUTPUT ↓↓↓↓↓↓↓↓↓↓↓↓↓↓↓↓↓↓↓↓↓↓↓↓↓↓↓↓↓↓↓↓↓↓↓↓

Block(
    [
        Node {
            comments: [],
            node: FunctionCallStatement {
                pexp: Node {
                    comments: [],
                    node: NamedVar(
                        "compute",
                    ),
                },
                args: [
                    Node {
                        comments: [],
                        node: Table(
                            [
                                Node {
                                    comments: [],
                                    node: Field {
                                        index: Some(
                                            1,
                                        ),
                                        lexp: Node {
                                            comments: [],
                                            node: Nil,
                                        },
                                        rexp: Node {
                                            comments: [],
                                            node: NamedVar(
                                                "a",
                                            ),
                                        },
                                    },
                                },
                                Node {
                                    comments: [],
                                    node: Field {
                                        index: Some(
                                            2,
                                        ),
                                        lexp: Node {
                                            comments: [],
                                            node: Nil,
                                        },
                                        rexp: Node {
                                            comments: [],
                                            node: NamedVar(
                                                "b",
                                            ),
                                        },
                                    },
                                },
                                Node {
                                    comments: [],
                                    node: Field {
                                        index: Some(
                                            3,
                                        ),
                                        lexp: Node {
                                            comments: [],
                                            node: Nil,
                                        },
                                        rexp: Node {
                                            comments: [],
                                            node: NamedVar(
                                                "c",
                                            ),
                                        },
                                    },
                                },
                            ],
                        ),
                    },
                ],
            },
        },
    ],
)
