while true do
  if test() then
    print("test passed")
    break
  end
end

↓↓↓↓↓↓↓↓↓↓↓↓↓↓↓↓↓↓↓↓↓↓↓↓↓↓↓↓↓↓↓↓↓↓↓↓ OUTPUT ↓↓↓↓↓↓↓↓↓↓↓↓↓↓↓↓↓↓↓↓↓↓↓↓↓↓↓↓↓↓↓↓↓↓↓↓

Block(
    [
        While {
            cexp: True,
            block: Block(
                [
                    IfStatement {
                        consequents: [
                            Consequent {
                                cexp: FunctionCall {
                                    pexp: NamedVar(
                                        "test",
                                    ),
                                    args: [],
                                },
                                block: Block(
                                    [
                                        FunctionCallStatement {
                                            pexp: NamedVar(
                                                "print",
                                            ),
                                            args: [
                                                CookedStr(
                                                    "test passed",
                                                ),
                                            ],
                                        },
                                        Break,
                                    ],
                                ),
                            },
                        ],
                        alternate: None,
                    },
                ],
            ),
        },
    ],
)
