*vcs-jump.txt*                 vcs-jump plug-in for Vim                 *vcs-jump*

CONTENTS                                                     *vcs-jump-contents*

1. Intro      |vcs-jump-intro|

INTRO                                                           *vcs-jump-intro*

This plug-in allows you to jump to useful places within a Git or Mercurial
repository.
