if a ~= nil then
  a()
end

↓↓↓↓↓↓↓↓↓↓↓↓↓↓↓↓↓↓↓↓↓↓↓↓↓↓↓↓↓↓↓↓↓↓↓↓ OUTPUT ↓↓↓↓↓↓↓↓↓↓↓↓↓↓↓↓↓↓↓↓↓↓↓↓↓↓↓↓↓↓↓↓↓↓↓↓

Ok(
    Block(
        [
            IfStatement {
                consequents: [
                    Consequent {
                        cexp: Binary {
                            lexp: NamedVar(
                                "a",
                            ),
                            op: Ne,
                            rexp: Nil,
                        },
                        block: Block(
                            [
                                FunctionCallStatement {
                                    pexp: NamedVar(
                                        "a",
                                    ),
                                    args: [],
                                },
                            ],
                        ),
                    },
                ],
                alternate: None,
            },
        ],
    ),
)
