-- A line comment.

local thing = true

↓↓↓↓↓↓↓↓↓↓↓↓↓↓↓↓↓↓↓↓↓↓↓↓↓↓↓↓↓↓↓↓↓↓↓↓ OUTPUT ↓↓↓↓↓↓↓↓↓↓↓↓↓↓↓↓↓↓↓↓↓↓↓↓↓↓↓↓↓↓↓↓↓↓↓↓

Block(
    [
        Node {
            comments: [
                Comment {
                    kind: LineComment,
                    content: "-- A line comment.\n",
                    location: Location {
                        line_start: 1,
                        line_end: 2,
                        column_start: 1,
                        column_end: 1,
                    },
                },
            ],
            node: LocalDeclaration {
                namelist: [
                    Name(
                        "thing",
                    ),
                ],
                explist: [
                    Node {
                        comments: [],
                        node: True,
                        location: Location {
                            line_start: 3,
                            line_end: 3,
                            column_start: 15,
                            column_end: 19,
                        },
                    },
                ],
            },
            location: Location {
                line_start: 3,
                line_end: 3,
                column_start: 1,
                column_end: 19,
            },
        },
    ],
)
