local item = foo.bar

↓↓↓↓↓↓↓↓↓↓↓↓↓↓↓↓↓↓↓↓↓↓↓↓↓↓↓↓↓↓↓↓↓↓↓↓ OUTPUT ↓↓↓↓↓↓↓↓↓↓↓↓↓↓↓↓↓↓↓↓↓↓↓↓↓↓↓↓↓↓↓↓↓↓↓↓

Block(
    [
        Node {
            comments: [],
            node: LocalDeclaration {
                namelist: [
                    Name(
                        "item",
                    ),
                ],
                explist: [
                    Node {
                        comments: [],
                        node: Index {
                            pexp: Node {
                                comments: [],
                                node: NamedVar(
                                    "foo",
                                ),
                                location: Location {
                                    line_start: 1,
                                    line_end: 1,
                                    column_start: 14,
                                    column_end: 17,
                                },
                            },
                            kexp: Node {
                                comments: [],
                                node: RawStr(
                                    "bar",
                                ),
                                location: Location {
                                    line_start: 0,
                                    line_end: 0,
                                    column_start: 0,
                                    column_end: 0,
                                },
                            },
                        },
                        location: Location {
                            line_start: 1,
                            line_end: 0,
                            column_start: 14,
                            column_end: 0,
                        },
                    },
                ],
            },
            location: Location {
                line_start: 1,
                line_end: 0,
                column_start: 1,
                column_end: 0,
            },
        },
    ],
)
